Matched count:	9
Hopped count:	2
Unknown count:	3
GTAGCGTA	4
AACAGCGA	5
